// Jest Snapshot v1, https://goo.gl/fbAQLP

exports[`render GenreList component render correctly 1`] = `
<ul
  className="test"
  style={
    Object {
      "order": null,
    }
  }
>
  <li>
    test
  </li>
  <li>
    test1
  </li>
</ul>
`;
