// Jest Snapshot v1, https://goo.gl/fbAQLP

exports[`render Header component render correctly 1`] = `
<header
  className="test"
>
  <h1>
    title
  </h1>
</header>
`;
