// Jest Snapshot v1, https://goo.gl/fbAQLP

exports[`App renders correctly 1`] = `
<React.Fragment>
  <Header
    className="primary"
  >
    <Logo
      theme="primary"
    />
    <SearchForm />
  </Header>
  <MovieDetailsPage />
  <Footer />
</React.Fragment>
`;
