// Jest Snapshot v1, https://goo.gl/fbAQLP

exports[`render Button component render correctly 1`] = `
<button
  className="primary"
  data-text="test"
  onClick={[MockFunction]}
  type="button"
>
  test
</button>
`;
