// Jest Snapshot v1, https://goo.gl/fbAQLP

exports[`render Footer component render correctly 1`] = `
<footer
  className="footer"
>
  <Logo
    className="secondary"
  >
    Films
  </Logo>
  <p
    className="footer__copyRight"
  >
    Copyright Â© 2018 FILMS.
     
    <Signature
      name="by Vova Pekun"
    />
  </p>
</footer>
`;
